ok  	github.com/opd-ai/magnum	1.053s
